=== 2026-09-02 09:41:01 a43_s1_l3_shape
validate_banked: PASS
=== bb72(6,6): 84 objects, k=12, decomposition={'k': 12, 'dim_Wx': 0, 'dim_Wy': 0, 'dim_sum': 0, 'dim_int': 0, 'direct_sum': False}
[bb72(6,6)] n/a|2D|w6: n=84 defect={1: 72, 6: 12} n_x={2: 36, 5: 36, 6: 12} n_y={2: 36, 5: 36, 6: 12} gap_x={0: 12, 1: 36, 2: 36} gap_y={0: 12, 1: 36, 2: 36} cols={1: 216, 2: 72, 4: 36} rows={1: 216, 2: 72, 4: 36} blocks={'(0, 6)': 36, '(3, 3)': 12, '(6, 0)': 36} comps={1: 84} dirty_x={6: 84} dirty_y={6: 84} cutw_x∈[1, 4] cutw_y∈[1, 4]
--- bb72(6,6) picture n/a|2D|w6
y= 5 aaaa..
y= 4 ......
y= 3 ......
y= 2 ..a.a.
y= 1 ......
y= 0 ......
     012345
--- bb72(6,6) picture n/a|2D|w6
y= 5 ......
y= 4 .b....
y= 3 ....b.
y= 2 .b..b.
y= 1 ....b.
y= 0 ....b.
     012345
--- bb72(6,6) picture n/a|2D|w6
y= 5 .b....
y= 4 ....b.
y= 3 .b..b.
y= 2 ....b.
y= 1 ....b.
y= 0 ......
     012345
=== two-gross(12,12): 49 objects, k=12, decomposition={'k': 12, 'dim_Wx': 6, 'dim_Wy': 6, 'dim_sum': 12, 'dim_int': 0, 'direct_sum': True}
[two-gross(12,12)] mixed|2D|w18: n=49 defect={-3: 1, 6: 48} n_x={11: 1, 12: 48} n_y={4: 1, 12: 48} gap_x={0: 48, 1: 1} gap_y={0: 48, 2: 1} cols={1: 294, 2: 291, 3: 2} rows={1: 288, 2: 289, 4: 2, 8: 1} blocks={'(9, 9)': 48, '(18, 0)': 1} comps={1: 49} dirty_x={12: 49} dirty_y={12: 49} cutw_x∈[1, 5] cutw_y∈[2, 8]
--- two-gross(12,12) picture mixed|2D|w18
y=11 ............
y=10 a...a.......
y= 9 ............
y= 8 ............
y= 7 ..aa......aa
y= 6 ............
y= 5 ............
y= 4 a.a.....a.a.
y= 3 ............
y= 2 ............
y= 1 aa....aaaaaa
y= 0 ............
     012345678901
--- two-gross(12,12) picture mixed|2D|w18
y=11 .aa.........
y=10 .....b.....a
y= 9 ........b...
y= 8 ........b...
y= 7 .........aa.
y= 6 .b.....a....
y= 5 ....b.......
y= 4 ....b.......
y= 3 .....aa.....
y= 2 ...a.....b..
y= 1 b...........
y= 0 b...........
     012345678901
=== gross(12,6): 1884 objects, k=12, decomposition={'k': 12, 'dim_Wx': 6, 'dim_Wy': 0, 'dim_sum': 6, 'dim_int': 0, 'direct_sum': False}
[gross(12,6)] n/a|2D|w12: n=1092 defect={-3: 36, -1: 216, 0: 324, 1: 504, 6: 12} n_x={4: 36, 6: 216, 7: 432, 8: 360, 10: 36, 12: 12} n_y={2: 36, 4: 144, 5: 612, 6: 300} gap_x={0: 12, 1: 108, 2: 612, 3: 360} gap_y={0: 300, 1: 684, 2: 108} cols={1: 4392, 2: 2088, 3: 1008, 4: 288, 5: 72} rows={1: 1368, 2: 1944, 3: 1440, 4: 432, 5: 216, 6: 72, 8: 36} blocks={'(0, 12)': 36, '(3, 9)': 72, '(4, 8)': 324, '(5, 7)': 288, '(6, 6)': 300, '(8, 4)': 36, '(12, 0)': 36} comps={1: 1092} dirty_x={12: 1092} dirty_y={6: 1092} cutw_x∈[1, 6] cutw_y∈[2, 8]
[gross(12,6)] n/a|W_x|w12: n=792 defect={-3: 108, -2: 180, -1: 432, 0: 72} n_x={3: 36, 4: 180, 5: 360, 6: 216} n_y={5: 288, 6: 504} gap_x={6: 252, 7: 360, 8: 144, 9: 36} gap_y={0: 504, 1: 288} cols={1: 1224, 2: 1044, 3: 864, 4: 468, 5: 216, 6: 108} rows={1: 1584, 2: 1440, 3: 864, 4: 432, 5: 144} blocks={'(4, 8)': 36, '(6, 6)': 72, '(7, 5)': 288, '(8, 4)': 324, '(9, 3)': 72} comps={1: 792} dirty_x={2: 36, 3: 144, 4: 360, 5: 252} dirty_y={6: 792} cutw_x∈[0, 12] cutw_y∈[3, 8]
--- gross(12,6) picture n/a|2D|w12
y= 5 ..ba...a....
y= 4 ......b...b.
y= 3 .....b...ba.
y= 2 .....a..bb..
y= 1 .........a..
y= 0 ............
     012345678901
--- gross(12,6) picture n/a|2D|w12
y= 5 ..ba...a..b.
y= 4 ......b...b.
y= 3 .....ba..ba.
y= 2 .....a...a..
y= 1 ............
y= 0 ............
     012345678901
--- gross(12,6) picture n/a|W_x|w12
y= 5 ..........a.
y= 4 bb..........
y= 3 a.........aa
y= 2 *...........
y= 1 a..........a
y= 0 ab..........
     012345678901
--- gross(12,6) picture n/a|W_x|w12
y= 5 ............
y= 4 .a..........
y= 3 aa........aa
y= 2 *...........
y= 1 a.b........a
y= 0 ab..........
     012345678901
=== tdg432(18,12) L12 stack: 1 objects, k=12, decomposition={'k': 12, 'dim_Wx': 6, 'dim_Wy': 6, 'dim_sum': 12, 'dim_int': 0, 'direct_sum': True}
[tdg432(18,12) L12 stack] x-only|W_x|w24: n=1 defect={-10: 1} n_x={4: 1} n_y={10: 1} gap_x={14: 1} gap_y={1: 1} cols={4: 2, 8: 2} rows={1: 2, 2: 4, 3: 2, 4: 2} blocks={'(12, 12)': 1} comps={1: 1} dirty_x={3: 1} dirty_y={12: 1} cutw_x∈[0, 20] cutw_y∈[4, 7]
--- tdg432(18,12) L12 stack picture x-only|W_x|w24
y=11 ...*b.............
y=10 ..................
y= 9 ..a...............
y= 8 .a..b.............
y= 7 ..a*b.............
y= 6 .a..b.............
y= 5 ...*b.............
y= 4 ..................
y= 3 ..a...............
y= 2 .a..b.............
y= 1 ..a*b.............
y= 0 .a..b.............
     012345678901234567
wrote /Users/stavanjain/Code/qec-lab/experiments/bb_lab/data/a43/s1_l3_shape.json (115.8 s)
