== S-tables (omega-syzygy min slots) ==
  a=0 Wx=8: dim syz=14 dim triv=4 classes=10
    level >= 0: min slots = 3 (pattern ((0, 0), (1, 0), (1, 1)))
  a=1 Wx=10: dim syz=34 dim triv=6 classes=28
    level >= 0: min slots = 3 (pattern ((0, 0), (1, 0), (1, 1)))
    level >= 1: min slots = 3 (pattern ((0, 0), (1, 0), (1, 1)))
  a=2 Wx=12: dim syz=78 dim triv=6 classes=72
    level >= 0: min slots = 3 (pattern ((0, 0), (1, 0), (1, 1)))
    level >= 1: min slots = 3 (pattern ((0, 0), (1, 0), (1, 1)))
    level >= 2: min slots = 3 (pattern ((0, 0), (1, 0), (1, 1)))
    level >= 3: min slots = 3 (pattern ((0, 0), (1, 0), (1, 1)))

== cost tables ==
  p=3 (a=0): free {0: 1, None: 3} | pure {0: 2}
  p=6 (a=1): free {0: 1, 1: 2, None: 3} | pure {0: 2, 1: 4}
  p=12 (a=2): free {0: 1, 1: 2, 2: 2, 3: 4, None: 3} | pure {0: 2, 1: 4, 2: 4, 3: 8}
  p=9 (a=0): free {0: 1, None: 2} | pure {0: 6}

== pure-omega pattern floors (S x c synthesis) ==
  p=3: terms level->(S, c, S*c): {0: (3, 2, 6)} => pure-pattern floor 6
  p=6: terms level->(S, c, S*c): {0: (3, 2, 6), 1: (3, 4, 12)} => pure-pattern floor 6
  p=12: terms level->(S, c, S*c): {0: (3, 2, 6), 1: (3, 4, 12), 2: (3, 4, 12), 3: (3, 8, 24)} => pure-pattern floor 6

wrote /Users/stavanjain/Code/qec-lab/experiments/bb_lab/data/a42/s1_syzygy.json (0.7 s)
