p=12 branch T (xstar=12): cap 18, budget 1.3 h
  level 0: novel 1 seen 2 rss 41MB t 0s returns [] nonzero-reg@[]
  level 1: novel 0 seen 2 rss 41MB t 0s returns [] nonzero-reg@[]
  level 2: novel 1 seen 3 rss 41MB t 0s returns [] nonzero-reg@[]
  level 3: novel 2 seen 5 rss 41MB t 0s returns [] nonzero-reg@[]
  level 4: novel 8 seen 13 rss 42MB t 0s returns [] nonzero-reg@[]
  level 5: novel 27 seen 40 rss 47MB t 0s returns [] nonzero-reg@[]
  level 6: novel 71 seen 111 rss 57MB t 0s returns [6] nonzero-reg@[]
  level 7: novel 224 seen 335 rss 81MB t 1s returns [6] nonzero-reg@[]
  level 8: novel 625 seen 960 rss 152MB t 1s returns [6] nonzero-reg@[]
  level 9: novel 1696 seen 2656 rss 295MB t 1s returns [6] nonzero-reg@[]
  level 10: novel 4713 seen 7369 rss 304MB t 2s returns [6, 10] nonzero-reg@[]
  level 11: novel 12387 seen 19756 rss 330MB t 4s returns [6, 10] nonzero-reg@[]
  level 12: novel 32458 seen 52214 rss 767MB t 9s returns [6, 10, 12] nonzero-reg@[]
  level 13: novel 83530 seen 135744 rss 1280MB t 20s returns [6, 10, 12] nonzero-reg@[]
  level 14: novel 211415 seen 347159 rss 1744MB t 46s returns [6, 10, 12, 14] nonzero-reg@[]
  level 15: novel 527963 seen 875122 rss 1748MB t 126s returns [6, 10, 12, 14] nonzero-reg@[]
  level 16: novel 1299090 seen 2174212 rss 1748MB t 381s returns [6, 10, 12, 14, 16] nonzero-reg@[]
  level 17: novel 3156522 seen 5330734 rss 1748MB t 1368s returns [6, 10, 12, 14, 16] nonzero-reg@[]
  level 18: novel 7570280 seen 12901014 rss 1748MB t 4013s returns [6, 10, 12, 14, 16, 18] nonzero-reg@[]
p=12 branch T: completed level 18; nonzero-register costs []
