  level 0: novel 1 seen 1 rss 36MB t 0s returns [] nontrivial@[]
  level 1: novel 0 seen 1 rss 36MB t 0s returns [] nontrivial@[]
  level 2: novel 1 seen 2 rss 36MB t 0s returns [] nontrivial@[]
  level 3: novel 3 seen 5 rss 36MB t 0s returns [] nontrivial@[]
  level 4: novel 3 seen 8 rss 36MB t 0s returns [] nontrivial@[]
  level 5: novel 7 seen 15 rss 36MB t 0s returns [] nontrivial@[]
  level 6: novel 32 seen 47 rss 36MB t 0s returns [6] nontrivial@[6]
  level 7: novel 57 seen 104 rss 37MB t 0s returns [6] nontrivial@[6]
  level 8: novel 113 seen 217 rss 37MB t 0s returns [6, 8] nontrivial@[6, 8]
control p=3 cap=8: min nontrivial 6 (expect 6)
  level 0: novel 1 seen 1 rss 37MB t 0s returns [] nontrivial@[]
  level 1: novel 0 seen 1 rss 37MB t 0s returns [] nontrivial@[]
  level 2: novel 1 seen 2 rss 37MB t 0s returns [] nontrivial@[]
  level 3: novel 2 seen 4 rss 37MB t 0s returns [] nontrivial@[]
  level 4: novel 5 seen 9 rss 37MB t 0s returns [] nontrivial@[]
  level 5: novel 15 seen 24 rss 37MB t 0s returns [] nontrivial@[]
  level 6: novel 33 seen 57 rss 37MB t 0s returns [6] nontrivial@[]
  level 7: novel 80 seen 137 rss 37MB t 0s returns [6] nontrivial@[]
  level 8: novel 199 seen 336 rss 38MB t 0s returns [6] nontrivial@[]
  level 9: novel 465 seen 801 rss 39MB t 0s returns [6] nontrivial@[]
  level 10: novel 1109 seen 1910 rss 41MB t 0s returns [6, 10] nontrivial@[]
  level 11: novel 2486 seen 4396 rss 44MB t 0s returns [6, 10] nontrivial@[]
  level 12: novel 5695 seen 10091 rss 46MB t 0s returns [6, 10, 12] nontrivial@[12]
  level 13: novel 12254 seen 22345 rss 47MB t 0s returns [6, 10, 12] nontrivial@[12]
control p=6 cap=13: min nontrivial 12 (expect 12)
  level 0: novel 1 seen 1 rss 47MB t 0s returns [] nontrivial@[]
  level 1: novel 0 seen 1 rss 47MB t 0s returns [] nontrivial@[]
  level 2: novel 1 seen 2 rss 47MB t 0s returns [] nontrivial@[]
  level 3: novel 2 seen 4 rss 47MB t 0s returns [] nontrivial@[]
  level 4: novel 6 seen 10 rss 48MB t 0s returns [] nontrivial@[]
  level 5: novel 21 seen 31 rss 48MB t 0s returns [] nontrivial@[]
  level 6: novel 49 seen 80 rss 49MB t 0s returns [6] nontrivial@[]
  level 7: novel 143 seen 223 rss 50MB t 0s returns [6] nontrivial@[]
  level 8: novel 376 seen 599 rss 55MB t 0s returns [6] nontrivial@[]
  level 9: novel 939 seen 1538 rss 67MB t 0s returns [6] nontrivial@[]
  level 10: novel 2437 seen 3975 rss 85MB t 0s returns [6, 10] nontrivial@[]
  level 11: novel 6024 seen 9999 rss 85MB t 0s returns [6, 10] nontrivial@[]
  level 12: novel 14739 seen 24738 rss 86MB t 0s returns [6, 10, 12] nontrivial@[]
  level 13: novel 35602 seen 60340 rss 96MB t 1s returns [6, 10, 12] nontrivial@[]
  level 14: novel 84536 seen 144876 rss 162MB t 3s returns [6, 10, 12, 14] nontrivial@[]
  level 15: novel 197735 seen 342611 rss 185MB t 9s returns [6, 10, 12, 14] nontrivial@[]
  level 16: novel 455964 seen 798575 rss 202MB t 29s returns [6, 10, 12, 14, 16] nontrivial@[]
control p=9 cap 16: no nontrivial return — matches the banked floor(9) certificate
p=12 production: cap 16, time budget 3.0 h
  level 0: novel 1 seen 1 rss 202MB t 0s returns [] nontrivial@[]
  level 1: novel 0 seen 1 rss 202MB t 0s returns [] nontrivial@[]
  level 2: novel 1 seen 2 rss 202MB t 0s returns [] nontrivial@[]
  level 3: novel 2 seen 4 rss 202MB t 0s returns [] nontrivial@[]
  level 4: novel 8 seen 12 rss 202MB t 0s returns [] nontrivial@[]
  level 5: novel 27 seen 39 rss 202MB t 0s returns [] nontrivial@[]
  level 6: novel 71 seen 110 rss 202MB t 0s returns [6] nontrivial@[]
  level 7: novel 224 seen 334 rss 202MB t 0s returns [6] nontrivial@[]
  level 8: novel 625 seen 959 rss 229MB t 1s returns [6] nontrivial@[]
  level 9: novel 1696 seen 2655 rss 346MB t 1s returns [6] nontrivial@[]
  level 10: novel 4713 seen 7368 rss 460MB t 1s returns [6, 10] nontrivial@[]
  level 11: novel 12387 seen 19755 rss 460MB t 2s returns [6, 10] nontrivial@[]
  level 12: novel 32458 seen 52213 rss 460MB t 4s returns [6, 10, 12] nontrivial@[]
  level 13: novel 83530 seen 135743 rss 715MB t 10s returns [6, 10, 12] nontrivial@[]
  level 14: novel 211415 seen 347158 rss 814MB t 29s returns [6, 10, 12, 14] nontrivial@[]
  level 15: novel 527963 seen 875121 rss 914MB t 99s returns [6, 10, 12, 14] nontrivial@[]
  level 16: novel 1299084 seen 2174205 rss 988MB t 343s returns [6, 10, 12, 14, 16] nontrivial@[]
p=12: completed level 16; nontrivial []
>>> no nontrivial compact cycle of weight <= 16: with parity, floor(12) >= 18 unrestricted (certificate tier, lane AB + banked duality)
wrote /Users/stavanjain/Code/qec-lab/experiments/bb_lab/data/a42/s2_racer12_deep.json
