p=3: 33 nontrivial cycles (cap 8)
  (w, (n1,n2,n3), |S|, |s|, |S&s|, excess, discount, slack=w-6q) : count
    (6, (0, 3, 0), 3, 0, 0, 0, 0, 0) : 3
    (6, (3, 0, 1), 3, 4, 3, 0, 0, 0) : 3
    (8, (0, 4, 0), 4, 0, 0, 1, 0, 2) : 3
    (8, (3, 1, 1), 4, 4, 3, 1, 0, 2) : 3
    (8, (4, 2, 0), 6, 4, 4, 3, 4, 2) : 21

  diagram: weight 6 profile (3, 0, 1)  (fibre triples = sheets (j, j+q, j+2q); '.' empty)
    block 0:
      col   1: x..
      col   2: x..
      col   3: ...
      col   4: ...
      col   5: ...
      col   6: ...
    block 1:
      col   1: ...
      col   2: ...
      col   3: ..x
      col   4: ...
      col   5: ...
      col   6: xxx

  diagram: weight 8 profile (3, 1, 1)  (fibre triples = sheets (j, j+q, j+2q); '.' empty)
    block 0:
      col   1: x..
      col   2: ...
      col   3: .xx
      col   4: ...
      col   5: ...
    block 1:
      col   1: ...
      col   2: ...
      col   3: ..x
      col   4: ..x
      col   5: xxx

  diagram: weight 8 profile (4, 2, 0)  (fibre triples = sheets (j, j+q, j+2q); '.' empty)
    block 0:
      col   1: ..x
      col   2: ...
      col   3: ...
      col   4: ...
      col   5: xx.
      col   6: ...
    block 1:
      col   1: ...
      col   2: ...
      col   3: .x.
      col   4: .x.
      col   5: .x.
      col   6: x.x
p=6: 66 nontrivial cycles (cap 13)
  (w, (n1,n2,n3), |S|, |s|, |S&s|, excess, discount, slack=w-6q) : count
    (12, (0, 6, 0), 6, 0, 0, 0, 0, 0) : 15
    (12, (6, 0, 2), 6, 8, 6, 0, 0, 0) : 3
    (12, (6, 3, 0), 9, 6, 6, 3, 6, 0) : 30
    (12, (10, 1, 0), 11, 10, 10, 5, 10, 0) : 18

  diagram: weight 12 profile (6, 0, 2)  (fibre triples = sheets (j, j+q, j+2q); '.' empty)
    block 0:
      col   1: x.. .x.
      col   2: x.. .x.
      col   3: ... ...
      col   4: ... ...
      col   5: ... ...
      col   6: ... ...
    block 1:
      col   1: ... ...
      col   2: ... ...
      col   3: .x. ..x
      col   4: ... ...
      col   5: ... ...
      col   6: xxx xxx

  diagram: weight 12 profile (6, 3, 0)  (fibre triples = sheets (j, j+q, j+2q); '.' empty)
    block 0:
      col   1: x.. ...
      col   2: xx. ...
      col   3: ... xx.
      col   4: ..x x..
      col   5: ... ...
    block 1:
      col   1: ... ...
      col   2: ... ...
      col   3: ... ..x
      col   4: ... x..
      col   5: x.. x.x

  diagram: weight 12 profile (10, 1, 0)  (fibre triples = sheets (j, j+q, j+2q); '.' empty)
    block 0:
      col   1: x.. ...
      col   2: x.. ...
      col   3: ... xx.
      col   4: ..x x..
      col   5: x.. x..
      col   6: ... ...
    block 1:
      col   1: ... ...
      col   2: ... ...
      col   3: ... ..x
      col   4: ... ...
      col   5: x.. ..x
      col   6: ..x ...
