[     0.0s] === a42_s5_mixed24 phase=all W=22 pid=48436 cpus=10
[     0.8s] validate_banked: PASS
[     1.4s] tower: k 12/12/8/8, SEAM 63 classes, S1' 3 classes, top rung (R)+exact+sigma*=id; ker p0* == W_x (dim 6) VERIFIED
[    37.0s]   s5_L2stab24_w0: kappa 50 r 11 nodes 50,786,474,355 (exact) hits 1,411,268 kernel 36s; streaming ...
[    49.8s]   s5_L2stab24_w0: streamed 1,411,268 hits in 13s; reps so far {'S': 33607}
[    58.9s]   s5_L2stab24_w1: kappa 50 r 10 nodes 13,432,735,555 (exact) hits 1,069,967 kernel 9s; streaming ...
[    68.1s]   s5_L2stab24_w1: streamed 1,069,967 hits in 9s; reps so far {'S': 33691}
[    71.7s] L2 stab <= 22: 33691 orbit reps {'6': 1, '10': 6, '12': 24, '14': 54, '16': 280, '18': 971, '20': 4704, '22': 27651} = 1,818,297 elements; mu2 = 6
[   134.1s]   s5_L2s1p24_w0: kappa 50 r 11 nodes 50,786,474,355 (exact) hits 3,014,902 kernel 62s; streaming ...
[   157.8s]   s5_L2s1p24_w0: streamed 3,014,902 hits in 24s; reps so far {'C55': 71698, 'C73': 71685, 'C126': 71754}
[   173.2s]   s5_L2s1p24_w1: kappa 50 r 10 nodes 13,432,735,555 (exact) hits 2,263,010 kernel 15s; streaming ...
[   190.6s]   s5_L2s1p24_w1: streamed 2,263,010 hits in 17s; reps so far {'C55': 72977, 'C73': 72977, 'C126': 72977}
[   201.6s] L2 S1'-cosets <= 22 (3 classes): 72977 orbit reps {'16': 25, '18': 506, '20': 6435, '22': 66011} = 3,940,758 elements
[   210.3s]   s5_L2all16_0_w0: kappa 50 r 8 nodes 655,023,685 (exact) hits 59,528 kernel 8s; streaming ...
[   210.8s]   s5_L2all16_0_w0: streamed 59,528 hits in 0s; reps so far {'C1': 283, 'C2': 118, 'C3': 104, 'C4': 300, 'C5': 864, 'C6': 166, 'C7': 147, 'C8': 863, 'C9': 135, 'C10': 301, 'C11': 164, 'C12': 217, 'C13': 92, 'C14': 16, 'C15': 307, 'C16': 276, 'C17': 91, 'C18': 279, 'C19': 291, 'C20': 106, 'C21': 310, 'C22': 405, 'C23': 496, 'C24': 114, 'C25': 163, 'C26': 117, 'C27': 489, 'C28': 104, 'C29': 153, 'C30': 405, 'C31': 112, 'C32': 278, 'C33': 107, 'C34': 95, 'C35': 110, 'C36': 287, 'C37': 281, 'C38': 477, 'C39': 164, 'C40': 102, 'C41': 402, 'C42': 106, 'C43': 149, 'C44': 295, 'C45': 400, 'C46': 491, 'C47': 101, 'C48': 264, 'C49': 106, 'C50': 106, 'C51': 93}
[   212.3s]   s5_L2all16_0_w1: kappa 50 r 7 nodes 118,145,035 (exact) hits 42,168 kernel 1s; streaming ...
[   212.7s]   s5_L2all16_0_w1: streamed 42,168 hits in 0s; reps so far {'C1': 294, 'C2': 121, 'C3': 111, 'C4': 308, 'C5': 892, 'C6': 172, 'C7': 159, 'C8': 892, 'C9': 159, 'C10': 308, 'C11': 172, 'C12': 245, 'C13': 94, 'C14': 16, 'C15': 308, 'C16': 298, 'C17': 100, 'C18': 294, 'C19': 294, 'C20': 117, 'C21': 313, 'C22': 407, 'C23': 519, 'C24': 121, 'C25': 172, 'C26': 121, 'C27': 519, 'C28': 111, 'C29': 159, 'C30': 407, 'C31': 121, 'C32': 298, 'C33': 121, 'C34': 100, 'C35': 121, 'C36': 294, 'C37': 294, 'C38': 519, 'C39': 172, 'C40': 121, 'C41': 407, 'C42': 111, 'C43': 159, 'C44': 313, 'C45': 407, 'C46': 519, 'C47': 117, 'C48': 298, 'C49': 111, 'C50': 111, 'C51': 100}
[   226.4s]   s5_L2all16_51_w0: kappa 50 r 8 nodes 655,023,685 (exact) hits 67,184 kernel 8s; streaming ...
[   226.9s]   s5_L2all16_51_w0: streamed 67,184 hits in 1s; reps so far {'C52': 93, 'C53': 288, 'C54': 16, 'C55': 24, 'C56': 288, 'C57': 88, 'C58': 99, 'C59': 25, 'C60': 104, 'C61': 478, 'C62': 161, 'C63': 103, 'C64': 275, 'C65': 94, 'C66': 874, 'C67': 295, 'C68': 106, 'C69': 234, 'C70': 131, 'C71': 91, 'C72': 285, 'C73': 24, 'C74': 874, 'C75': 402, 'C76': 92, 'C77': 479, 'C78': 476, 'C79': 870, 'C80': 271, 'C81': 283, 'C82': 302, 'C83': 96, 'C84': 301, 'C85': 287, 'C86': 87, 'C87': 404, 'C88': 302, 'C89': 496, 'C90': 283, 'C91': 16, 'C92': 305, 'C93': 404, 'C94': 162, 'C95': 288, 'C96': 150, 'C97': 118, 'C98': 298, 'C99': 270, 'C100': 290, 'C101': 96, 'C102': 402}
[   228.4s]   s5_L2all16_51_w1: kappa 50 r 7 nodes 118,145,035 (exact) hits 47,590 kernel 1s; streaming ...
[   228.8s]   s5_L2all16_51_w1: streamed 47,590 hits in 0s; reps so far {'C52': 100, 'C53': 294, 'C54': 16, 'C55': 25, 'C56': 297, 'C57': 91, 'C58': 117, 'C59': 25, 'C60': 111, 'C61': 519, 'C62': 172, 'C63': 111, 'C64': 298, 'C65': 100, 'C66': 892, 'C67': 313, 'C68': 117, 'C69': 245, 'C70': 159, 'C71': 94, 'C72': 294, 'C73': 25, 'C74': 892, 'C75': 407, 'C76': 100, 'C77': 519, 'C78': 519, 'C79': 892, 'C80': 298, 'C81': 294, 'C82': 308, 'C83': 117, 'C84': 308, 'C85': 297, 'C86': 91, 'C87': 407, 'C88': 308, 'C89': 519, 'C90': 294, 'C91': 16, 'C92': 308, 'C93': 407, 'C94': 172, 'C95': 294, 'C96': 151, 'C97': 121, 'C98': 308, 'C99': 297, 'C100': 294, 'C101': 100, 'C102': 407}
[   242.6s]   s5_L2all16_102_w0: kappa 50 r 8 nodes 655,023,685 (exact) hits 48,844 kernel 8s; streaming ...
[   243.0s]   s5_L2all16_102_w0: streamed 48,844 hits in 0s; reps so far {'C103': 136, 'C104': 108, 'C105': 151, 'C106': 285, 'C107': 456, 'C108': 291, 'C109': 16, 'C110': 133, 'C111': 286, 'C112': 147, 'C113': 106, 'C114': 232, 'C115': 102, 'C116': 94, 'C117': 91, 'C118': 163, 'C119': 501, 'C120': 94, 'C121': 162, 'C122': 305, 'C123': 162, 'C124': 96, 'C125': 162, 'C126': 25, 'C127': 290, 'C128': 281, 'C129': 299, 'C130': 287, 'C131': 104, 'C132': 102, 'C133': 301, 'C134': 25, 'C135': 403, 'C136': 287, 'C137': 474, 'C138': 231, 'C139': 89, 'C140': 279, 'C141': 132, 'C142': 161, 'C143': 306, 'C144': 146, 'C145': 304, 'C146': 102, 'C147': 93, 'C148': 116, 'C149': 101, 'C150': 160, 'C151': 165, 'C152': 104, 'C153': 404}
[   244.5s]   s5_L2all16_102_w1: kappa 50 r 7 nodes 118,145,035 (exact) hits 40,163 kernel 1s; streaming ...
[   244.9s]   s5_L2all16_102_w1: streamed 40,163 hits in 0s; reps so far {'C103': 159, 'C104': 117, 'C105': 159, 'C106': 294, 'C107': 519, 'C108': 294, 'C109': 16, 'C110': 159, 'C111': 313, 'C112': 151, 'C113': 111, 'C114': 245, 'C115': 117, 'C116': 100, 'C117': 100, 'C118': 172, 'C119': 519, 'C120': 100, 'C121': 172, 'C122': 313, 'C123': 172, 'C124': 117, 'C125': 172, 'C126': 25, 'C127': 294, 'C128': 298, 'C129': 308, 'C130': 297, 'C131': 111, 'C132': 121, 'C133': 308, 'C134': 25, 'C135': 407, 'C136': 294, 'C137': 519, 'C138': 245, 'C139': 91, 'C140': 297, 'C141': 159, 'C142': 172, 'C143': 308, 'C144': 151, 'C145': 308, 'C146': 117, 'C147': 100, 'C148': 121, 'C149': 117, 'C150': 172, 'C151': 172, 'C152': 117, 'C153': 407}
[   257.4s]   s5_L2all16_153_w0: kappa 50 r 8 nodes 655,023,685 (exact) hits 60,299 kernel 8s; streaming ...
[   257.9s]   s5_L2all16_153_w0: streamed 60,299 hits in 0s; reps so far {'C154': 96, 'C155': 165, 'C156': 111, 'C157': 167, 'C158': 90, 'C159': 104, 'C160': 278, 'C161': 881, 'C162': 104, 'C163': 110, 'C164': 871, 'C165': 104, 'C166': 149, 'C167': 88, 'C168': 299, 'C169': 92, 'C170': 92, 'C171': 406, 'C172': 859, 'C173': 463, 'C174': 405, 'C175': 104, 'C176': 150, 'C177': 229, 'C178': 305, 'C179': 289, 'C180': 287, 'C181': 107, 'C182': 479, 'C183': 152, 'C184': 97, 'C185': 152, 'C186': 287, 'C187': 152, 'C188': 110, 'C189': 24, 'C190': 147, 'C191': 114, 'C192': 269, 'C193': 101, 'C194': 105, 'C195': 209, 'C196': 108, 'C197': 302, 'C198': 466, 'C199': 465, 'C200': 307, 'C201': 164, 'C202': 300, 'C203': 132, 'C204': 92}
[   259.3s]   s5_L2all16_153_w1: kappa 50 r 7 nodes 118,145,035 (exact) hits 44,928 kernel 1s; streaming ...
[   259.7s]   s5_L2all16_153_w1: streamed 44,928 hits in 0s; reps so far {'C154': 100, 'C155': 172, 'C156': 121, 'C157': 172, 'C158': 91, 'C159': 111, 'C160': 298, 'C161': 892, 'C162': 117, 'C163': 121, 'C164': 892, 'C165': 121, 'C166': 159, 'C167': 91, 'C168': 308, 'C169': 94, 'C170': 100, 'C171': 407, 'C172': 892, 'C173': 519, 'C174': 407, 'C175': 117, 'C176': 151, 'C177': 245, 'C178': 313, 'C179': 294, 'C180': 297, 'C181': 111, 'C182': 519, 'C183': 159, 'C184': 100, 'C185': 159, 'C186': 297, 'C187': 159, 'C188': 121, 'C189': 25, 'C190': 159, 'C191': 121, 'C192': 298, 'C193': 117, 'C194': 121, 'C195': 245, 'C196': 111, 'C197': 308, 'C198': 519, 'C199': 519, 'C200': 313, 'C201': 172, 'C202': 308, 'C203': 159, 'C204': 100}
[   273.1s]   s5_L2all16_204_w0: kappa 50 r 8 nodes 655,023,685 (exact) hits 60,333 kernel 8s; streaming ...
[   273.6s]   s5_L2all16_204_w0: streamed 60,333 hits in 1s; reps so far {'C205': 405, 'C206': 400, 'C207': 214, 'C208': 149, 'C209': 98, 'C210': 90, 'C211': 305, 'C212': 108, 'C213': 91, 'C214': 152, 'C215': 16, 'C216': 108, 'C217': 16, 'C218': 107, 'C219': 406, 'C220': 97, 'C221': 86, 'C222': 153, 'C223': 92, 'C224': 145, 'C225': 284, 'C226': 283, 'C227': 869, 'C228': 306, 'C229': 108, 'C230': 92, 'C231': 401, 'C232': 106, 'C233': 492, 'C234': 105, 'C235': 92, 'C236': 290, 'C237': 160, 'C238': 93, 'C239': 273, 'C240': 266, 'C241': 308, 'C242': 107, 'C243': 306, 'C244': 237, 'C245': 117, 'C246': 405, 'C247': 164, 'C248': 233, 'C249': 405, 'C250': 107, 'C251': 477, 'C252': 305, 'C253': 149, 'C254': 488, 'C255': 92}
[   275.1s]   s5_L2all16_204_w1: kappa 50 r 7 nodes 118,145,035 (exact) hits 40,451 kernel 1s; streaming ...
[   275.5s]   s5_L2all16_204_w1: streamed 40,451 hits in 0s; reps so far {'C205': 407, 'C206': 407, 'C207': 245, 'C208': 151, 'C209': 117, 'C210': 100, 'C211': 308, 'C212': 111, 'C213': 117, 'C214': 159, 'C215': 16, 'C216': 111, 'C217': 16, 'C218': 111, 'C219': 407, 'C220': 117, 'C221': 91, 'C222': 159, 'C223': 100, 'C224': 151, 'C225': 297, 'C226': 294, 'C227': 892, 'C228': 313, 'C229': 111, 'C230': 94, 'C231': 407, 'C232': 111, 'C233': 519, 'C234': 121, 'C235': 94, 'C236': 294, 'C237': 172, 'C238': 94, 'C239': 297, 'C240': 298, 'C241': 313, 'C242': 111, 'C243': 308, 'C244': 245, 'C245': 121, 'C246': 407, 'C247': 172, 'C248': 245, 'C249': 407, 'C250': 117, 'C251': 519, 'C252': 308, 'C253': 159, 'C254': 519, 'C255': 100}
[   280.1s] L2 all-class <= 16: 7780 orbit reps; d(L2) = 10 EXACT (banked: 7780 reps)
[   280.5s] reloaded L2 reps: stab 33691, S1' 72977, all<=16 7780
[   281.2s] L1 tau2 family: 15 rep sources (2w <= 22)
[   281.4s] L2 -> L1 fibres: 106668 (stab2 + S1') on 8 workers
[   296.3s]   ... fibres 20000/106668 (15s) seam reps 0 stab reps 17166 RSS 0.28
[   298.5s]   ... fibres 40000/106668 (17s) seam reps 0 stab reps 20046 RSS 0.28
[   298.5s]   ... fibres 60000/106668 (17s) seam reps 9 stab reps 20046 RSS 0.28
[   298.5s]   ... fibres 80000/106668 (17s) seam reps 17 stab reps 20046 RSS 0.28
[   302.9s]   ... fibres 100000/106668 (22s) seam reps 22 stab reps 35199 RSS 0.28
[     0.0s] === a42_s5_mixed24 phase=all W=22 pid=65748 cpus=10
[     0.8s] validate_banked: PASS
[     1.4s] tower: k 12/12/8/8, SEAM 63 classes, S1' 3 classes, top rung (R)+exact+sigma*=id; ker p0* == W_x (dim 6) VERIFIED
[     1.9s] reloaded L2 reps: stab 33691, S1' 72977, all<=16 7780
[     2.6s] L1 tau2 family: 15 rep sources (2w <= 22)
[     2.8s] L2 -> L1 fibres: 106668 (stab2 + S1') on 8 workers
[    17.4s]   ... fibres 20000/106668 (15s) seam reps 0 stab reps 17220 RSS 0.20
[    19.7s]   ... fibres 40000/106668 (17s) seam reps 0 stab reps 20046 RSS 0.21
[    19.7s]   ... fibres 60000/106668 (17s) seam reps 9 stab reps 20046 RSS 0.21
[    19.7s]   ... fibres 80000/106668 (17s) seam reps 17 stab reps 20046 RSS 0.21
[    24.2s]   ... fibres 100000/106668 (21s) seam reps 25 stab reps 35199 RSS 0.21
[    26.2s]   s5_L2imp1_12_0_w0: kappa 50 r 6 nodes 18,260,635 (exact) hits 440 kernel 0s; streaming ...
[    26.3s]   s5_L2imp1_12_0_w0: streamed 440 hits in 0s; reps so far 129
[    26.3s]   s5_L2imp1_12_0_w1: kappa 50 r 5 nodes 2,369,935 (exact) hits 445 kernel 0s; streaming ...
[    26.4s]   s5_L2imp1_12_0_w1: streamed 445 hits in 0s; reps so far 146
[    26.4s]   s5_L2imp1_12_51_w0: kappa 50 r 6 nodes 18,260,635 (exact) hits 130 kernel 0s; streaming ...
[    26.5s]   s5_L2imp1_12_51_w0: streamed 130 hits in 0s; reps so far 35
[    26.5s]   s5_L2imp1_12_51_w1: kappa 50 r 5 nodes 2,369,935 (exact) hits 122 kernel 0s; streaming ...
[    26.5s]   s5_L2imp1_12_51_w1: streamed 122 hits in 0s; reps so far 37
[    26.5s] L2 im-p1* cosets <= 12 (control census): 183 orbit reps {'12': 183}
[    26.7s] L1 SEAM census <= 22: 68 orbit reps {'22': 68}; stab reps 44093 {'6': 1, '10': 6, '12': 51, '14': 54, '16': 589, '18': 2091, '20': 7117, '22': 34184}; nontrivial <= 12: 12 {'12': 12}; d(L1) = 12; lanes {'deep0': 93662, 'deep1': 11139, 'deep2': 1477, 'deep3': 305, 'deep4': 54, 'deep5': 24, 'deep6': 6, 'ks8': 1}; 24s
[    26.7s] GATE: seam weight-22 slice == banked 68 orbits; seam min 22
[    26.9s] seam reps reloaded + re-verified: 68 {'22': 68}
[    27.0s] L0 weight-22 cycles over seam reps: 0 lifts (of seam orbit reps) -> 0 L0 translation-orbit reps (0s)
[    27.0s] class-kind x gap-sector (orbit reps): {}
[    27.0s]   elements: {}
[    27.0s]   distinct classes: {}
[    27.0s]   fibre profiles (kind|eps|n3 -> orbits): {}
[    27.0s] CONTROL: L12 stack is pure-x, fold is an L1 stab (weight 0, overflow 12), x-gap 14; profile {'n1': 0, 'n2': 12, 'n3': 0, 'S': 12, 's': 0, 'Ss': 0, 'eps': 0, 'D': 0, 'ncols': 5}
[    27.0s] CONTROL: tau0 pullbacks of the 12 weight-12 L1 orbit reps: {'pure-x|gx14|eps0': 2, 'pure-x|gx13|eps6': 5, 'pure-x|gx12|eps10': 3, 'pure-x|gx12|eps0': 1, 'pure-x|gx15|eps0': 1}
[    27.0s] DONE total 27.0s, max RSS 0.21 GB -> /Users/stavanjain/Code/qec-lab/experiments/bb_lab/data/a42/s5_mixed24_W22.json
