validate_banked: PASS
caps: y forced reach [-3,+1], mirror [-4,-2]; with dil-4 inputs => per-step left slip <= 4 (min gauge), right <= 4 (max gauge): verified on 6000 random states
s10 ladder census: u=1 kmax=2 whcap=14 gcap=46 hcap=19 dcap=30 (byseed, S8 engine unchanged)
[slip d0] h=3 states 107840 rss 87MB 0.3s
[slip d0] h=4 streamed into 10 parts rss 152MB 6.1s
[slip d1] h=5 streamed into 5 parts rss 225MB 3.9s
[slip d2] h=6 streamed into 4 parts rss 313MB 3.2s
[slip d3] h=7 streamed into 2 parts rss 402MB 2.1s
[slip d4] h=9 states 0 rss 441MB 1.9s
[slip d3] h=9 states 0 rss 326MB 1.3s
[slip d2] h=6 streamed into 2 parts rss 258MB 2.3s
[slip d3] h=7 streamed into 2 parts rss 387MB 1.6s
[slip d2] h=6 states 121708 rss 255MB 1.3s
[slip d2] h=6 streamed into 2 parts rss 302MB 1.8s
[slip d3] h=7 streamed into 8 parts rss 403MB 4.4s
[slip d4] h=9 states 0 rss 443MB 1.6s
[slip d4] h=9 states 20 rss 396MB 1.2s
[slip d4] h=9 states 0 rss 383MB 1.1s
[slip d4] h=9 states 0 rss 410MB 1.1s
[slip d4] h=9 states 0 rss 360MB 0.3s
[slip d3] h=9 states 0 rss 306MB 0.5s
[slip d1] h=5 streamed into 2 parts rss 225MB 2.5s
[slip d2] h=6 streamed into 2 parts rss 296MB 2.2s
[slip d2] h=6 streamed into 3 parts rss 276MB 2.4s
[slip d3] h=7 streamed into 5 parts rss 245MB 4.2s
[slip d4] h=9 states 0 rss 277MB 1.7s
[slip d4] h=9 states 0 rss 268MB 1.6s
[slip d3] h=7 states 121067 rss 227MB 1.7s
[slip d1] h=5 streamed into 2 parts rss 245MB 2.3s
[slip d2] h=6 streamed into 2 parts rss 285MB 2.3s
[slip d1] h=5 states 17296 rss 167MB 1.4s
[slip d1] h=5 states 132720 rss 182MB 1.6s
[slip d1] h=6 streamed into 7 parts rss 240MB 6.2s
[slip d2] h=7 streamed into 5 parts rss 159MB 4.0s
[slip d3] h=9 states 0 rss 184MB 1.6s
[slip d3] h=9 states 0 rss 175MB 1.6s
[slip d1] h=5 states 139098 rss 147MB 1.7s
[slip d1] h=6 states 100691 rss 127MB 3.0s
[slip d1] h=5 states 20318 rss 126MB 1.4s
[slip d1] h=5 states 144468 rss 96MB 2.1s
[slip d1] h=6 streamed into 14 parts rss 165MB 13.0s
[slip d2] h=7 streamed into 4 parts rss 161MB 3.8s
[slip d3] h=9 states 0 rss 182MB 1.5s
[slip d3] h=9 states 0 rss 183MB 1.6s
[slip d1] h=5 states 21422 rss 203MB 1.4s
[slip d1] h=5 states 0 rss 199MB 0.0s
[slip d0] h=4 streamed into 19 parts rss 234MB 10.1s
[slip d1] h=5 streamed into 10 parts rss 243MB 6.5s
[slip d2] h=6 streamed into 5 parts rss 281MB 4.0s
[slip d3] h=7 streamed into 4 parts rss 371MB 3.4s
[slip d4] h=8 streamed into 2 parts rss 465MB 2.5s
[slip d5] h=9 states 36418 rss 495MB 1.8s
[slip d5] h=9 states 0 rss 420MB 0.1s
[slip d4] h=9 states 0 rss 360MB 1.9s
[slip d4] h=9 states 20 rss 324MB 1.5s
[slip d3] h=7 streamed into 2 parts rss 207MB 3.0s
[slip d4] h=8 streamed into 2 parts rss 264MB 2.6s
[slip d5] h=9 states 0 rss 200MB 1.7s
[slip d5] h=9 states 0 rss 153MB 0.4s
[slip d4] h=9 states 0 rss 159MB 1.3s
[slip d3] h=7 states 121708 rss 69MB 2.1s
[slip d3] h=9 states 0 rss 116MB 3.3s
[slip d3] h=7 streamed into 2 parts rss 164MB 3.0s
[slip d4] h=8 streamed into 8 parts rss 182MB 9.0s
[slip d5] h=9 states 16308 rss 56MB 1.9s
[slip d5] h=9 states 17 rss 61MB 1.9s
[slip d5] h=9 states 0 rss 61MB 1.8s
[slip d5] h=9 states 2 rss 66MB 1.8s
[slip d5] h=9 states 0 rss 57MB 1.8s
[slip d5] h=9 states 0 rss 63MB 1.8s
[slip d5] h=9 states 21 rss 67MB 1.8s
[slip d5] h=9 states 2 rss 141MB 0.5s
[slip d4] h=9 states 124 rss 131MB 0.7s
[slip d2] h=6 streamed into 2 parts rss 161MB 3.6s
[slip d3] h=7 streamed into 2 parts rss 181MB 3.3s
[slip d4] h=9 states 0 rss 94MB 2.1s
[slip d3] h=7 streamed into 3 parts rss 150MB 3.7s
[slip d4] h=8 streamed into 5 parts rss 150MB 6.3s
[slip d5] h=9 states 476 rss 54MB 2.0s
[slip d5] h=9 states 0 rss 64MB 1.9s
[slip d5] h=9 states 36 rss 68MB 1.8s
[slip d5] h=9 states 0 rss 74MB 2.0s
[slip d5] h=9 states 0 rss 146MB 0.6s
[slip d4] h=8 states 121067 rss 75MB 2.2s
[slip d4] h=9 states 0 rss 62MB 3.7s
[slip d2] h=6 streamed into 2 parts rss 171MB 3.7s
[slip d3] h=7 streamed into 2 parts rss 180MB 3.6s
[slip d4] h=9 states 0 rss 92MB 1.6s
[slip d2] h=6 states 132720 rss 88MB 2.4s
[slip d2] h=7 streamed into 7 parts rss 111MB 8.9s
[slip d3] h=8 streamed into 5 parts rss 158MB 6.5s
[slip d4] h=9 states 0 rss 67MB 2.0s
[slip d4] h=9 states 6091 rss 68MB 2.1s
[slip d4] h=9 states 0 rss 59MB 2.1s
[slip d4] h=9 states 0 rss 56MB 2.0s
[slip d4] h=9 states 0 rss 130MB 0.7s
[slip d3] h=9 states 0 rss 70MB 1.8s
[slip d3] h=9 states 0 rss 109MB 2.6s
[slip d2] h=6 states 139098 rss 67MB 2.5s
[slip d2] h=7 states 100691 rss 58MB 4.6s
[slip d2] h=6 states 144468 rss 59MB 2.5s
[slip d2] h=7 streamed into 14 parts rss 108MB 16.4s
[slip d3] h=8 streamed into 4 parts rss 113MB 5.1s
[slip d4] h=9 states 20 rss 58MB 2.0s
[slip d4] h=9 states 20 rss 61MB 2.2s
[slip d4] h=9 states 0 rss 48MB 3.0s
[slip d4] h=9 states 0 rss 61MB 0.8s
[slip d3] h=9 states 0 rss 65MB 2.2s
[slip d1] h=5 states 66407 rss 56MB 2.5s
[slip d1] h=5 streamed into 2 parts rss 195MB 3.1s
[slip d1] h=5 streamed into 9 parts rss 164MB 10.6s
[slip d2] h=6 streamed into 5 parts rss 120MB 6.5s
[slip d3] h=7 streamed into 2 parts rss 150MB 4.2s
[slip d4] h=8 states 117519 rss 120MB 2.5s
[slip d4] h=9 states 474 rss 59MB 4.1s
[slip d4] h=9 states 154 rss 95MB 1.2s
[slip d3] h=7 states 175296 rss 59MB 2.6s
[slip d3] h=8 states 132281 rss 58MB 5.3s
[slip d3] h=9 states 0 rss 45MB 7.1s
[slip d3] h=7 states 122216 rss 66MB 2.6s
[slip d3] h=8 states 154604 rss 70MB 4.7s
[slip d3] h=9 states 0 rss 59MB 6.6s
[slip d2] h=6 streamed into 3 parts rss 189MB 3.8s
[slip d3] h=7 states 125901 rss 86MB 2.2s
[slip d2] h=6 states 164516 rss 68MB 2.4s
[slip d2] h=7 streamed into 2 parts rss 133MB 6.3s
[slip d2] h=6 streamed into 5 parts rss 173MB 6.9s
[slip d3] h=7 streamed into 8 parts rss 176MB 11.0s
[slip d4] h=8 streamed into 3 parts rss 201MB 4.5s
[slip d5] h=9 states 59149 rss 61MB 2.5s
[slip d5] h=9 states 124 rss 58MB 1.9s
[slip d5] h=9 states 0 rss 137MB 0.4s
[slip d4] h=9 states 1004 rss 95MB 3.5s
[slip d3] h=7 states 123941 rss 74MB 2.5s
[slip d3] h=9 states 0 rss 102MB 4.0s
[slip d3] h=7 streamed into 2 parts rss 137MB 3.6s
[slip d4] h=8 streamed into 5 parts rss 139MB 6.1s
[slip d5] h=9 states 3224 rss 73MB 2.0s
[slip d5] h=9 states 20 rss 56MB 2.2s
[slip d5] h=9 states 0 rss 67MB 2.0s
[slip d5] h=9 states 0 rss 66MB 2.1s
[slip d5] h=9 states 0 rss 132MB 0.3s
[slip d2] h=6 streamed into 2 parts rss 180MB 3.2s
[slip d3] h=9 states 0 rss 100MB 2.8s
[slip d2] h=6 streamed into 2 parts rss 184MB 3.5s
[slip d3] h=7 streamed into 2 parts rss 190MB 3.8s
[slip d4] h=9 states 0 rss 107MB 2.3s
[slip d4] h=9 states 0 rss 113MB 2.5s
[slip d2] h=6 states 116321 rss 84MB 2.0s
[slip d2] h=7 states 172418 rss 85MB 3.9s
[slip d1] h=5 streamed into 2 parts rss 135MB 3.4s
[slip d2] h=7 streamed into 2 parts rss 135MB 4.6s
[slip d1] h=5 states 61282 rss 65MB 2.2s
[slip d1] h=5 states 18592 rss 52MB 2.5s
[slip d1] h=5 states 33172 rss 63MB 2.1s
[slip d1] h=5 states 40216 rss 66MB 2.2s
[slip d1] h=5 states 68762 rss 59MB 2.2s
[slip d1] h=5 streamed into 3 parts rss 141MB 4.7s
[slip d2] h=6 streamed into 6 parts rss 176MB 7.8s
[slip d3] h=7 states 111680 rss 53MB 2.4s
[slip d3] h=9 states 0 rss 105MB 4.3s
[slip d2] h=6 streamed into 2 parts rss 105MB 3.3s
[slip d3] h=9 states 0 rss 58MB 1.7s
[slip d2] h=6 states 144970 rss 92MB 1.6s
[slip d1] h=5 streamed into 2 parts rss 184MB 3.6s
[slip d2] h=6 streamed into 4 parts rss 194MB 5.8s
[slip d3] h=7 streamed into 2 parts rss 182MB 5.1s
[slip d4] h=9 states 0 rss 117MB 3.2s
[slip d4] h=9 states 0 rss 79MB 1.5s
[slip d3] h=9 states 0 rss 93MB 3.4s
[slip d2] h=6 streamed into 2 parts rss 156MB 2.9s
[slip d1] h=5 states 173226 rss 64MB 3.4s
[slip d1] h=6 states 136630 rss 71MB 5.3s
[slip d1] h=9 states 0 rss 65MB 7.4s
[slip d1] h=5 states 30740 rss 53MB 2.6s
[slip d1] h=5 states 8293 rss 71MB 2.2s
[slip d1] h=5 states 22736 rss 83MB 2.1s
[slip d1] h=5 streamed into 2 parts rss 98MB 3.3s
[slip d2] h=6 streamed into 5 parts rss 187MB 7.1s
[slip d1] h=5 states 135664 rss 49MB 4.9s
[slip d1] h=6 streamed into 5 parts rss 218MB 12.1s
[slip d2] h=9 states 0 rss 65MB 2.2s
[slip d1] h=5 states 28512 rss 153MB 0.8s
[slip d0] h=4 streamed into 19 parts rss 202MB 18.0s
[slip d1] h=5 streamed into 21 parts rss 123MB 27.2s
[slip d2] h=6 streamed into 10 parts rss 111MB 15.2s
[slip d3] h=7 streamed into 5 parts rss 130MB 8.4s
[slip d4] h=8 streamed into 4 parts rss 189MB 6.7s
[slip d5] h=9 streamed into 2 parts rss 159MB 4.6s
[slip d5] h=9 states 23430 rss 53MB 2.7s
[slip d5] h=9 states 10996 rss 60MB 2.6s
[slip d5] h=9 states 0 rss 131MB 0.1s
[slip d4] h=8 streamed into 2 parts rss 166MB 5.7s
[slip d5] h=9 streamed into 2 parts rss 130MB 4.4s
[slip d5] h=9 states 16031 rss 147MB 1.6s
[slip d4] h=8 states 121708 rss 49MB 3.6s
[slip d4] h=9 states 15521 rss 98MB 5.3s
[slip d4] h=8 streamed into 2 parts rss 150MB 4.8s
[slip d5] h=9 streamed into 7 parts rss 201MB 12.5s
[slip d5] h=9 states 18 rss 120MB 1.2s
[slip d4] h=9 states 0 rss 98MB 1.1s
[slip d3] h=7 streamed into 2 parts rss 174MB 5.3s
[slip d4] h=8 streamed into 2 parts rss 196MB 5.0s
[slip d5] h=9 states 3483 rss 78MB 2.8s
[slip d5] h=9 states 0 rss 61MB 1.7s
[slip d4] h=8 streamed into 3 parts rss 168MB 5.1s
[slip d5] h=9 streamed into 4 parts rss 206MB 9.8s
[slip d5] h=9 states 97623 rss 53MB 3.1s
[slip d5] h=9 states 0 rss 76MB 1.4s
[slip d3] h=7 streamed into 2 parts rss 187MB 5.2s
[slip d4] h=8 streamed into 2 parts rss 201MB 4.7s
[slip d5] h=9 states 0 rss 58MB 2.4s
[slip d5] h=9 states 2999 rss 70MB 1.9s
[slip d4] h=9 states 0 rss 107MB 1.9s
[slip d3] h=7 states 132720 rss 93MB 3.1s
[slip d3] h=8 streamed into 7 parts rss 126MB 13.2s
[slip d4] h=9 streamed into 4 parts rss 172MB 7.7s
[slip d4] h=9 states 1 rss 124MB 2.2s
[slip d4] h=9 states 25210 rss 48MB 2.7s
[slip d4] h=9 states 0 rss 53MB 2.7s
[slip d4] h=9 states 0 rss 54MB 3.0s
[slip d4] h=9 states 0 rss 69MB 2.5s
[slip d4] h=9 states 0 rss 121MB 0.6s
[slip d3] h=7 states 139098 rss 201MB 2.4s
[slip d3] h=8 states 100691 rss 211MB 4.1s
[slip d3] h=9 states 0 rss 173MB 5.2s
[slip d3] h=7 states 144468 rss 192MB 2.4s
[slip d3] h=8 streamed into 14 parts rss 155MB 15.6s
[slip d4] h=9 streamed into 4 parts rss 158MB 5.3s
[slip d4] h=9 states 0 rss 50MB 2.0s
[slip d4] h=9 states 4412 rss 94MB 2.0s
[slip d4] h=9 states 0 rss 158MB 2.0s
[slip d4] h=9 states 0 rss 91MB 2.0s
[slip d4] h=9 states 0 rss 51MB 2.0s
[slip d4] h=9 states 0 rss 90MB 1.9s
[slip d4] h=9 states 0 rss 71MB 2.0s
[slip d4] h=9 states 0 rss 76MB 2.2s
[slip d4] h=9 states 0 rss 66MB 2.0s
[slip d4] h=9 states 0 rss 116MB 1.9s
[slip d4] h=9 states 0 rss 83MB 1.8s
[slip d4] h=9 states 0 rss 114MB 1.7s
[slip d4] h=9 states 0 rss 122MB 0.5s
[slip d3] h=9 states 0 rss 118MB 2.4s
[slip d2] h=6 streamed into 2 parts rss 234MB 2.8s
[slip d2] h=6 streamed into 9 parts rss 215MB 8.8s
[slip d3] h=7 streamed into 5 parts rss 195MB 5.8s
[slip d4] h=8 streamed into 2 parts rss 180MB 4.1s
[slip d5] h=9 states 89436 rss 159MB 2.5s
[slip d5] h=9 states 5 rss 174MB 1.0s
[slip d4] h=8 states 175296 rss 268MB 2.4s
[slip d4] h=9 states 78932 rss 172MB 4.6s
[slip d4] h=9 states 0 rss 122MB 2.0s
[slip d4] h=8 states 122216 rss 124MB 2.4s
[slip d4] h=9 states 89393 rss 167MB 4.2s
[slip d3] h=7 streamed into 3 parts rss 216MB 4.3s
[slip d4] h=8 states 125901 rss 164MB 2.4s
[slip d4] h=9 states 0 rss 162MB 4.4s
[slip d4] h=9 states 0 rss 202MB 2.3s
[slip d3] h=7 states 164516 rss 84MB 2.0s
[slip d3] h=8 streamed into 2 parts rss 190MB 4.8s
[slip d4] h=9 states 0 rss 184MB 1.9s
[slip d4] h=9 states 0 rss 148MB 0.9s
[slip d3] h=7 streamed into 5 parts rss 196MB 5.2s
[slip d4] h=8 streamed into 7 parts rss 227MB 7.8s
[slip d5] h=9 states 0 rss 261MB 2.0s
[slip d5] h=9 states 0 rss 230MB 1.9s
[slip d5] h=9 states 0 rss 105MB 1.9s
[slip d5] h=9 states 0 rss 230MB 1.8s
[slip d5] h=9 states 17386 rss 235MB 2.1s
[slip d5] h=9 streamed into 3 parts rss 222MB 4.5s
[slip d5] h=9 states 0 rss 204MB 1.3s
[slip d4] h=8 states 123941 rss 259MB 2.3s
[slip d4] h=9 states 280 rss 259MB 3.4s
[slip d4] h=8 streamed into 2 parts rss 263MB 2.7s
[slip d5] h=9 streamed into 4 parts rss 360MB 3.8s
[slip d5] h=9 states 0 rss 328MB 1.0s
[slip d4] h=9 states 0 rss 287MB 1.7s
[slip d3] h=7 streamed into 2 parts rss 272MB 1.7s
[slip d4] h=9 states 6028 rss 349MB 1.5s
[slip d4] h=9 states 0 rss 299MB 0.9s
[slip d3] h=7 streamed into 2 parts rss 272MB 2.0s
[slip d4] h=8 streamed into 2 parts rss 341MB 2.0s
[slip d5] h=9 states 4005 rss 410MB 1.3s
[slip d5] h=9 states 12272 rss 398MB 1.0s
[slip d3] h=7 states 116321 rss 296MB 1.2s
[slip d3] h=8 states 171596 rss 370MB 2.2s
[slip d3] h=9 states 0 rss 342MB 3.9s
[slip d2] h=6 streamed into 2 parts rss 313MB 2.5s
[slip d3] h=8 streamed into 2 parts rss 329MB 2.2s
[slip d4] h=9 states 0 rss 401MB 1.2s
[slip d4] h=9 states 0 rss 349MB 0.6s
[slip d2] h=6 streamed into 3 parts rss 309MB 2.5s
[slip d3] h=7 streamed into 6 parts rss 334MB 4.0s
[slip d4] h=8 states 111680 rss 437MB 1.5s
[slip d4] h=9 states 1793 rss 438MB 2.3s
[slip d4] h=9 states 0 rss 400MB 1.3s
[slip d4] h=9 states 0 rss 396MB 1.2s
[slip d4] h=9 states 0 rss 377MB 0.8s
[slip d3] h=7 streamed into 2 parts rss 329MB 1.6s
[slip d4] h=9 states 1 rss 397MB 1.0s
[slip d3] h=7 states 144970 rss 347MB 0.8s
[slip d3] h=9 states 0 rss 320MB 1.9s
[slip d2] h=6 streamed into 2 parts rss 314MB 1.9s
[slip d3] h=7 streamed into 4 parts rss 327MB 3.3s
[slip d4] h=8 streamed into 2 parts rss 398MB 2.7s
[slip d5] h=9 states 29018 rss 472MB 1.4s
[slip d5] h=9 states 197 rss 450MB 1.0s
[slip d4] h=9 states 36 rss 409MB 1.8s
[slip d4] h=9 states 0 rss 379MB 1.1s
[slip d3] h=7 streamed into 2 parts rss 325MB 1.4s
[slip d4] h=9 states 0 rss 362MB 1.3s
[slip d2] h=6 states 173226 rss 317MB 1.6s
[slip d2] h=7 states 136630 rss 362MB 2.9s
[slip d2] h=9 states 1 rss 319MB 3.8s
[slip d2] h=6 streamed into 2 parts rss 313MB 2.1s
[slip d3] h=7 streamed into 5 parts rss 333MB 3.3s
[slip d4] h=9 states 0 rss 401MB 1.3s
[slip d2] h=6 states 135664 rss 314MB 1.4s
[slip d2] h=7 streamed into 5 parts rss 318MB 4.2s
[slip d3] h=9 states 0 rss 334MB 2.1s
[slip d3] h=9 states 1 rss 322MB 1.7s
[slip d1] h=5 streamed into 2 parts rss 374MB 1.9s
[slip d1] h=5 streamed into 2 parts rss 374MB 2.1s
[slip d1] h=5 streamed into 3 parts rss 374MB 2.6s
[slip d1] h=5 streamed into 4 parts rss 373MB 2.9s
[slip d1] h=5 streamed into 3 parts rss 373MB 2.8s
[slip d1] h=5 streamed into 3 parts rss 372MB 3.0s
[slip d1] h=5 states 78575 rss 361MB 2.3s
[slip d1] h=5 states 198 rss 361MB 2.2s
[slip d1] h=5 states 22054 rss 361MB 2.2s
[slip d1] h=5 states 36135 rss 361MB 2.0s
[slip d1] h=5 states 79616 rss 292MB 2.1s
[slip d1] h=9 states 0 rss 270MB 4.0s
[slip d1] h=5 states 154915 rss 270MB 2.4s
[slip d1] h=6 streamed into 3 parts rss 328MB 5.6s
[slip d2] h=7 states 114546 rss 327MB 2.1s
[slip d2] h=9 states 1 rss 297MB 3.2s
[slip d2] h=9 states 0 rss 297MB 1.6s
[slip d1] h=5 streamed into 2 parts rss 325MB 2.5s
[slip d2] h=6 streamed into 2 parts rss 336MB 2.2s
[slip d3] h=9 states 0 rss 345MB 1.6s
[slip d1] h=5 states 77991 rss 336MB 1.7s
[slip d1] h=5 states 6810 rss 339MB 1.5s
[slip d1] h=5 states 100014 rss 339MB 1.7s
[slip d1] h=6 streamed into 4 parts rss 338MB 4.6s
[slip d1] h=5 states 33267 rss 338MB 1.5s
[slip d1] h=5 states 42464 rss 338MB 0.9s
[slip d0] h=4 streamed into 2 parts rss 337MB 1.7s
[slip d1] h=5 states 26668 rss 337MB 0.9s
[slip d1] h=5 states 1786 rss 337MB 0.5s
[slip d0] h=4 streamed into 15 parts rss 254MB 9.4s
[slip d1] h=5 streamed into 5 parts rss 292MB 4.6s
[slip d1] h=5 streamed into 5 parts rss 281MB 4.1s
[slip d1] h=5 streamed into 4 parts rss 239MB 4.1s
[slip d1] h=5 streamed into 3 parts rss 263MB 2.8s
[slip d1] h=5 states 2648 rss 235MB 1.5s
[slip d1] h=5 states 102518 rss 235MB 1.6s
[slip d1] h=5 states 102101 rss 197MB 1.7s
[slip d1] h=5 states 101905 rss 197MB 1.6s
[slip d1] h=5 states 102650 rss 189MB 1.6s
[slip d1] h=5 streamed into 2 parts rss 254MB 2.1s
[slip d2] h=6 states 103080 rss 274MB 1.3s
[slip d1] h=5 states 128186 rss 269MB 1.7s
[slip d1] h=5 states 41715 rss 205MB 1.5s
[slip d1] h=5 states 47097 rss 194MB 1.5s
[slip d1] h=5 states 88812 rss 163MB 1.6s
[slip d1] h=5 states 0 rss 176MB 0.1s
[slip d0] h=3 streamed into 2 parts rss 235MB 0.7s
[slip d1] h=4 streamed into 15 parts rss 236MB 12.1s
[slip d2] h=5 streamed into 5 parts rss 243MB 5.5s
[slip d3] h=6 streamed into 4 parts rss 207MB 5.0s
[slip d4] h=7 streamed into 2 parts rss 219MB 2.8s
[slip d5] h=9 states 0 rss 209MB 2.2s
[slip d4] h=9 states 0 rss 207MB 1.7s
[slip d3] h=6 streamed into 2 parts rss 169MB 3.5s
[slip d4] h=7 streamed into 2 parts rss 217MB 2.9s
[slip d3] h=6 states 103285 rss 63MB 2.5s
[slip d3] h=6 streamed into 2 parts rss 160MB 2.6s
[slip d4] h=7 streamed into 6 parts rss 210MB 8.2s
[slip d5] h=9 states 0 rss 110MB 2.2s
[slip d5] h=9 states 0 rss 99MB 2.0s
[slip d5] h=9 states 0 rss 182MB 1.3s
[slip d2] h=5 states 55722 rss 199MB 1.8s
[slip d2] h=5 streamed into 2 parts rss 244MB 3.0s
[slip d3] h=6 streamed into 2 parts rss 215MB 3.0s
[slip d3] h=6 streamed into 3 parts rss 221MB 2.7s
[slip d4] h=7 streamed into 4 parts rss 217MB 4.7s
[slip d5] h=9 states 0 rss 141MB 1.7s
[slip d5] h=9 states 0 rss 214MB 1.6s
[slip d2] h=5 streamed into 2 parts rss 216MB 3.5s
[slip d3] h=6 streamed into 2 parts rss 212MB 2.6s
[slip d2] h=5 states 60416 rss 128MB 1.8s
[slip d2] h=5 states 20955 rss 152MB 1.7s
[slip d2] h=5 states 359 rss 72MB 2.0s
[slip d2] h=5 states 11321 rss 129MB 1.8s
[slip d2] h=5 states 173077 rss 146MB 2.1s
[slip d2] h=6 streamed into 7 parts rss 221MB 8.1s
[slip d3] h=7 streamed into 4 parts rss 187MB 4.4s
[slip d4] h=9 states 0 rss 178MB 1.7s
[slip d2] h=5 states 34578 rss 117MB 2.0s
[slip d2] h=5 states 39196 rss 70MB 2.4s
[slip d2] h=5 states 326 rss 51MB 2.8s
[slip d2] h=5 states 156661 rss 74MB 2.6s
[slip d2] h=6 streamed into 14 parts rss 187MB 15.1s
[slip d3] h=7 streamed into 4 parts rss 155MB 4.6s
[slip d4] h=9 states 0 rss 100MB 1.8s
[slip d4] h=9 states 0 rss 109MB 1.9s
[slip d2] h=5 states 0 rss 213MB 1.6s
[slip d2] h=5 states 17253 rss 146MB 1.4s
[slip d1] h=5 states 0 rss 202MB 0.2s
[slip d0] h=4 streamed into 5 parts rss 204MB 5.0s
[slip d1] h=5 streamed into 4 parts rss 225MB 4.7s
[slip d2] h=6 streamed into 2 parts rss 233MB 3.3s
[slip d1] h=5 streamed into 2 parts rss 205MB 3.4s
[slip d2] h=6 streamed into 2 parts rss 240MB 2.8s
[slip d1] h=5 states 121708 rss 136MB 2.2s
[slip d1] h=5 streamed into 2 parts rss 223MB 2.8s
[slip d2] h=6 streamed into 8 parts rss 228MB 7.7s
[slip d3] h=9 states 0 rss 143MB 1.9s
[slip d1] h=5 states 12217 rss 232MB 0.4s
info: {'n_seeds': 8, 'nodes': 115950336, 'trunc_g': True, 'trunc_extent': 0, 'trunc_dcap': 0, 'aborts': [], 'wall_s': 1788.5}
regression vs s9_link_u1k2g40.json: {'ref': 's9_link_u1k2g40.json', 'pre_equal': True, 'link_equal': True, 'link_L_equal': True, 'linkL_collapse_ok': True}
slip classes 57; POSITIVE slips: 0 (none)
LADDER (h, min_g, J_q, dg, dJ_q, at_cap):
  h= 4 min_g=19 J= 13q dg=None dJ=None cap=False tight=[(1, -6), (1, -5)]
  h= 6 min_g=24 J= 24q dg=None dJ=None cap=False tight=[(1, -2), (1, -1), (1, 0)]
  h= 7 min_g=25 J= 31q dg=1 dJ=7 cap=False tight=[(1, -2), (1, -1), (1, 0)]
  h= 8 min_g=30 J= 34q dg=5 dJ=3 cap=False tight=[(1, -5), (1, -4), (1, -3)]
  h= 9 min_g=35 J= 37q dg=5 dJ=3 cap=False tight=[(1, -6), (1, -5), (1, -4)]
  h=10 min_g=40 J= 40q dg=5 dJ=3 cap=False tight=[(1, -3)]
  h=11 min_g=45 J= 43q dg=5 dJ=3 cap=False tight=[(1, -2), (1, -1)]
wrote /Users/stavanjain/Code/qec-lab/experiments/bb_lab/data/a40/s10_slip_u1_g46.json (1790.1 s)
wrote /Users/stavanjain/Code/qec-lab/experiments/bb_lab/data/a40/s10_link_u1k2g46.json
