validate_banked: PASS
s8 mirror closed: u=1 m=24 ell=18 nHmax=3 whcap=23 gcap=46 smax=3 dil=4 extent<=14: seeds [0, 8) of 8
[s8 sid0 d0] h=4 streamed into 20 parts rss 137MB 36.3s
[s8 u=1 nH<=3 sid0 d1] h=5 states 127890 rss 156MB 35.4s
[s8 u=1 nH<=3 sid0 d1] h=5 states 111976 rss 161MB 33.8s
[s8 u=1 nH<=3 sid0 d1] h=5 states 121302 rss 164MB 35.5s
[s8 u=1 nH<=3 sid0 d1] h=5 states 121303 rss 164MB 34.5s
[s8 u=1 nH<=3 sid0 d1] h=5 states 121303 rss 162MB 35.0s
[s8 u=1 nH<=3 sid0 d1] h=5 states 121303 rss 161MB 35.5s
[s8 u=1 nH<=3 sid0 d1] h=5 states 120345 rss 161MB 33.5s
[s8 sid1 d0] h=4 streamed into 18 parts rss 167MB 38.1s
[s8 sid1 d1] h=5 streamed into 20 parts rss 211MB 60.3s
[s8 u=1 nH<=3 sid1 d2] h=6 states 127890 rss 254MB 37.0s
[s8 u=1 nH<=3 sid1 d2] h=7 states 0 rss 254MB 40.1s
[s8 u=1 nH<=3 sid1 d2] h=7 states 0 rss 259MB 37.6s
[s8 u=1 nH<=3 sid1 d2] h=6 states 111976 rss 239MB 34.7s
[s8 u=1 nH<=3 sid1 d2] h=7 states 0 rss 239MB 38.0s
[s8 u=1 nH<=3 sid1 d2] h=6 states 121302 rss 253MB 36.6s
[s8 u=1 nH<=3 sid1 d2] h=7 states 0 rss 253MB 40.0s
[s8 u=1 nH<=3 sid1 d2] h=6 states 121303 rss 236MB 35.4s
[s8 u=1 nH<=3 sid1 d2] h=7 states 0 rss 236MB 38.8s
[s8 u=1 nH<=3 sid1 d2] h=6 states 121303 rss 243MB 35.8s
[s8 u=1 nH<=3 sid1 d2] h=7 states 0 rss 243MB 39.2s
[s8 u=1 nH<=3 sid1 d2] h=6 states 121303 rss 226MB 36.1s
[s8 u=1 nH<=3 sid1 d2] h=7 states 0 rss 226MB 39.4s
[s8 u=1 nH<=3 sid1 d2] h=6 states 120345 rss 234MB 34.4s
[s8 u=1 nH<=3 sid1 d2] h=7 states 0 rss 234MB 37.7s
[s8 u=1 nH<=3 sid1 d2] h=7 states 0 rss 218MB 32.6s
[s8 u=1 nH<=3 sid1 d2] h=7 states 0 rss 200MB 40.3s
[s8 u=1 nH<=3 sid1 d2] h=7 states 0 rss 211MB 39.8s
[s8 u=1 nH<=3 sid1 d2] h=7 states 0 rss 193MB 39.9s
[s8 u=1 nH<=3 sid1 d2] h=7 states 0 rss 204MB 38.7s
[s8 u=1 nH<=3 sid1 d2] h=7 states 0 rss 212MB 36.8s
[s8 u=1 nH<=3 sid1 d2] h=7 states 0 rss 219MB 32.4s
[s8 u=1 nH<=3 sid1 d2] h=7 states 0 rss 226MB 31.3s
[s8 u=1 nH<=3 sid1 d2] h=7 states 0 rss 209MB 31.5s
[s8 u=1 nH<=3 sid1 d2] h=7 states 0 rss 192MB 36.4s
[s8 u=1 nH<=3 sid1 d2] h=7 states 0 rss 203MB 37.0s
[s8 sid2 d0] h=3 streamed into 2 parts rss 148MB 0.4s
[s8 sid2 d1] h=4 streamed into 5 parts rss 164MB 46.1s
[s8 u=1 nH<=3 sid2 d2] h=5 states 104964 rss 229MB 37.5s
[s8 u=1 nH<=3 sid2 d2] h=7 states 0 rss 212MB 64.1s
[s8 u=1 nH<=3 sid2 d2] h=7 states 0 rss 209MB 37.2s
[s8 sid3 d0] h=3 streamed into 2 parts rss 151MB 0.4s
[s8 sid3 d1] h=4 streamed into 3 parts rss 180MB 36.4s
[s8 u=1 nH<=3 sid4 d0] h=3 states 147080 rss 155MB 0.3s
[s8 sid4 d0] h=4 streamed into 9 parts rss 165MB 37.8s
[s8 sid4 d1] h=5 streamed into 2 parts rss 170MB 35.5s
[s8 u=1 nH<=3 sid4 d2] h=7 states 0 rss 197MB 39.4s
[s8 u=1 nH<=3 sid4 d2] h=7 states 0 rss 194MB 36.5s
[s8 u=1 nH<=3 sid4 d1] h=7 states 0 rss 133MB 39.5s
[s8 u=1 nH<=3 sid4 d1] h=7 states 0 rss 128MB 31.4s
[s8 u=1 nH<=3 sid4 d1] h=7 states 0 rss 134MB 11.1s
[s8 sid5 d0] h=4 streamed into 17 parts rss 168MB 28.7s
[s8 sid5 d1] h=5 streamed into 9 parts rss 187MB 43.5s
[s8 sid5 d2] h=6 streamed into 2 parts rss 233MB 35.8s
[s8 u=1 nH<=3 sid5 d3] h=7 states 5557 rss 258MB 38.0s
[s8 u=1 nH<=3 sid5 d3] h=7 states 689 rss 256MB 36.3s
[s8 u=1 nH<=3 sid5 d2] h=7 states 0 rss 212MB 36.3s
[s8 u=1 nH<=3 sid5 d2] h=7 states 152 rss 217MB 39.9s
[s8 u=1 nH<=3 sid5 d2] h=7 states 0 rss 214MB 26.5s
[s8 u=1 nH<=3 sid5 d2] h=7 states 0 rss 216MB 32.8s
[s8 u=1 nH<=3 sid5 d2] h=7 states 37 rss 213MB 31.7s
[s8 u=1 nH<=3 sid5 d2] h=7 states 3 rss 156MB 11.1s
[s8 sid5 d1] h=5 streamed into 3 parts rss 148MB 37.1s
[s8 u=1 nH<=3 sid5 d2] h=7 states 0 rss 203MB 37.0s
[s8 u=1 nH<=3 sid5 d2] h=7 states 0 rss 210MB 26.4s
[s8 sid5 d1] h=5 streamed into 3 parts rss 154MB 37.1s
[s8 u=1 nH<=3 sid5 d2] h=7 states 0 rss 202MB 38.0s
[s8 u=1 nH<=3 sid5 d2] h=7 states 0 rss 209MB 26.8s
[s8 u=1 nH<=3 sid5 d1] h=7 states 0 rss 131MB 26.9s
[s8 u=1 nH<=3 sid5 d1] h=7 states 0 rss 131MB 50.2s
[s8 u=1 nH<=3 sid5 d1] h=7 states 0 rss 148MB 50.9s
[s8 sid6 d0] h=4 streamed into 14 parts rss 171MB 26.9s
[s8 sid6 d1] h=5 streamed into 17 parts rss 194MB 45.1s
[s8 sid6 d2] h=6 streamed into 9 parts rss 259MB 43.9s
[s8 sid6 d3] h=7 streamed into 2 parts rss 299MB 35.6s
[s8 u=1 nH<=3 sid6 d3] h=7 states 28214 rss 265MB 30.6s
[s8 u=1 nH<=3 sid6 d3] h=7 states 47694 rss 277MB 30.2s
[s8 u=1 nH<=3 sid6 d3] h=7 states 3 rss 283MB 26.3s
[s8 u=1 nH<=3 sid6 d3] h=7 states 0 rss 292MB 31.2s
[s8 u=1 nH<=3 sid6 d3] h=7 states 565 rss 261MB 32.5s
[s8 u=1 nH<=3 sid6 d3] h=7 states 4909 rss 266MB 30.5s
[s8 u=1 nH<=3 sid6 d3] h=7 states 0 rss 272MB 32.0s
[s8 u=1 nH<=3 sid6 d3] h=7 states 1894 rss 237MB 10.7s
[s8 u=1 nH<=3 sid6 d2] h=7 states 0 rss 232MB 22.2s
[s8 u=1 nH<=3 sid6 d2] h=7 states 0 rss 197MB 22.4s
[s8 u=1 nH<=3 sid6 d2] h=7 states 0 rss 207MB 22.5s
[s8 u=1 nH<=3 sid6 d2] h=7 states 0 rss 214MB 22.5s
[s8 sid6 d2] h=6 streamed into 3 parts rss 204MB 37.5s
[s8 u=1 nH<=3 sid6 d3] h=7 states 13542 rss 265MB 32.9s
[s8 u=1 nH<=3 sid6 d3] h=7 states 6 rss 271MB 26.3s
[s8 u=1 nH<=3 sid6 d3] h=7 states 0 rss 222MB 1.8s
[s8 sid6 d2] h=6 streamed into 3 parts rss 250MB 37.4s
[s8 u=1 nH<=3 sid6 d3] h=7 states 18988 rss 263MB 32.5s
[s8 u=1 nH<=3 sid6 d3] h=7 states 298 rss 270MB 26.6s
[s8 u=1 nH<=3 sid6 d3] h=7 states 0 rss 225MB 9.6s
[s8 u=1 nH<=3 sid6 d2] h=7 states 1 rss 223MB 27.0s
[s8 u=1 nH<=3 sid6 d2] h=7 states 0 rss 197MB 25.0s
[s8 u=1 nH<=3 sid6 d2] h=7 states 0 rss 207MB 35.1s
[s8 u=1 nH<=3 sid6 d2] h=7 states 0 rss 214MB 35.0s
[s8 u=1 nH<=3 sid6 d2] h=7 states 16 rss 226MB 50.6s
[s8 u=1 nH<=3 sid6 d2] h=7 states 0 rss 197MB 33.8s
[s8 u=1 nH<=3 sid6 d2] h=7 states 1099 rss 214MB 51.0s
[s8 u=1 nH<=3 sid6 d2] h=7 states 0 rss 209MB 36.7s
[s8 u=1 nH<=3 sid6 d2] h=7 states 0 rss 220MB 43.1s
[s8 sid7 d0] h=3 streamed into 2 parts rss 151MB 0.6s
[s8 u=1 nH<=3 sid7 d1] h=4 states 121303 rss 190MB 28.4s
info: {'n_seeds': 8, 'pushed': 31230637, 'popped': 31230645, 'trunc_g': True, 'trunc_extent': 50546532, 'trunc_dcap': 25439, 'aborts': [], 'closed': 0, 'layer_peak': 180800, 'wall_s': 5550.5}
wrote /Users/stavanjain/Code/qec-lab/experiments/bb_lab/data/a40/s8_prod2418v2_u1_nh3_g46_s0_8.json (5551.5 s)
